
> perfectlifeexpense@1.0.0 test
> vitest --run


[1m[46m RUN [49m[22m [36mv4.0.18 [39m[90mD:/gsxm/dyyqxcx/perfectlifeexperience[39m

 [31m❯[39m src/utils/format.test.ts [2m([22m[2m28 tests[22m[2m | [22m[31m5 failed[39m[2m)[22m[32m 27[2mms[22m[39m
     [32m✓[39m 应该将分转换为元[32m 2[2mms[22m[39m
     [32m✓[39m 应该支持自定义精度[32m 0[2mms[22m[39m
     [32m✓[39m 应该处理 0 值[32m 0[2mms[22m[39m
     [32m✓[39m 应该处理小数[32m 0[2mms[22m[39m
[31m     [31m×[31m 应该格式化日期对象[39m[32m 12[2mms[22m[39m
[31m     [31m×[31m 应该格式化日期字符串[39m[32m 1[2mms[22m[39m
[31m     [31m×[31m 应该支持自定义格式[39m[32m 1[2mms[22m[39m
     [32m✓[39m 应该处理空值[32m 0[2mms[22m[39m
[31m     [31m×[31m 应该处理闰年和不同月份[39m[32m 1[2mms[22m[39m
     [32m✓[39m 应该显示"刚刚"[32m 0[2mms[22m[39m
     [32m✓[39m 应该显示"X分钟前"[32m 0[2mms[22m[39m
     [32m✓[39m 应该显示"X小时前"[32m 0[2mms[22m[39m
     [32m✓[39m 应该显示"X天前"[32m 0[2mms[22m[39m
     [32m✓[39m 超过7天显示日期[32m 0[2mms[22m[39m
     [32m✓[39m 应该处理空值[32m 0[2mms[22m[39m
     [32m✓[39m 应该将小数转换为百分比[32m 0[2mms[22m[39m
     [32m✓[39m 应该支持自定义精度[32m 0[2mms[22m[39m
     [32m✓[39m 应该处理 0 值[32m 0[2mms[22m[39m
     [32m✓[39m 应该处理小百分比[32m 0[2mms[22m[39m
     [32m✓[39m 应该添加千分位分隔符[32m 0[2mms[22m[39m
     [32m✓[39m 应该处理小数[32m 0[2mms[22m[39m
     [32m✓[39m 应该处理小数字[32m 0[2mms[22m[39m
     [32m✓[39m 应该处理负数[32m 0[2mms[22m[39m
[31m     [31m×[31m 应该格式化字节[39m[32m 2[2mms[22m[39m
     [32m✓[39m 应该格式化KB[32m 0[2mms[22m[39m
     [32m✓[39m 应该格式化MB[32m 0[2mms[22m[39m
     [32m✓[39m 应该格式化GB[32m 0[2mms[22m[39m
     [32m✓[39m 应该格式化TB[32m 0[2mms[22m[39m
 [32m✓[39m src/utils/promotion.test.ts [2m([22m[2m22 tests[22m[2m)[22m[32m 12[2mms[22m[39m
 [32m✓[39m src/utils/commission.test.ts [2m([22m[2m29 tests[22m[2m)[22m[32m 16[2mms[22m[39m
 [32m✓[39m src/constants/reward.test.ts [2m([22m[2m18 tests[22m[2m)[22m[32m 11[2mms[22m[39m

[31m⎯⎯⎯⎯⎯⎯⎯[39m[1m[41m Failed Tests 5 [49m[22m[31m⎯⎯⎯⎯⎯⎯⎯[39m

[41m[1m FAIL [22m[49m src/utils/format.test.ts[2m > [22mformatTime[2m > [22m应该格式化日期对象
[31m[1mAssertionError[22m: expected '2026-02-26 23:30' to be '2026-02-26 15:30' // Object.is equality[39m

Expected: [32m"2026-02-26 [7m15[27m:30"[39m
Received: [31m"2026-02-26 [7m23[27m:30"[39m

[36m [2m❯[22m src/utils/format.test.ts:[2m34:30[22m[39m
    [90m 32| [39m  [34mit[39m([32m'应该格式化日期对象'[39m[33m,[39m () [33m=>[39m {
    [90m 33| [39m    [35mconst[39m date [33m=[39m [35mnew[39m [33mDate[39m([32m'2026-02-26T15:30:00Z'[39m)
    [90m 34| [39m    [34mexpect[39m([34mformatTime[39m(date))[33m.[39m[34mtoBe[39m([32m'2026-02-26 15:30'[39m)
    [90m   | [39m                             [31m^[39m
    [90m 35| [39m  })
    [90m 36| [39m

[31m[2m⎯⎯⎯⎯⎯⎯⎯⎯⎯⎯⎯⎯⎯⎯⎯⎯⎯⎯⎯⎯⎯⎯⎯⎯[1/5]⎯[22m[39m

[41m[1m FAIL [22m[49m src/utils/format.test.ts[2m > [22mformatTime[2m > [22m应该格式化日期字符串
[31m[1mAssertionError[22m: expected '2026-02-26 23:30' to be '2026-02-26 15:30' // Object.is equality[39m

Expected: [32m"2026-02-26 [7m15[27m:30"[39m
Received: [31m"2026-02-26 [7m23[27m:30"[39m

[36m [2m❯[22m src/utils/format.test.ts:[2m38:48[22m[39m
    [90m 36| [39m
    [90m 37| [39m  [34mit[39m([32m'应该格式化日期字符串'[39m[33m,[39m () [33m=>[39m {
    [90m 38| [39m    [34mexpect[39m([34mformatTime[39m([32m'2026-02-26T15:30:00Z'[39m))[33m.[39m[34mtoBe[39m([32m'2026-02-26 15:30'[39m)
    [90m   | [39m                                               [31m^[39m
    [90m 39| [39m  })
    [90m 40| [39m

[31m[2m⎯⎯⎯⎯⎯⎯⎯⎯⎯⎯⎯⎯⎯⎯⎯⎯⎯⎯⎯⎯⎯⎯⎯⎯[2/5]⎯[22m[39m

[41m[1m FAIL [22m[49m src/utils/format.test.ts[2m > [22mformatTime[2m > [22m应该支持自定义格式
[31m[1mAssertionError[22m: expected '23:30:45' to be '15:30:45' // Object.is equality[39m

Expected: [32m"[7m15[27m:30:45"[39m
Received: [31m"[7m23[27m:30:45"[39m

[36m [2m❯[22m src/utils/format.test.ts:[2m44:42[22m[39m
    [90m 42| [39m    [35mconst[39m date [33m=[39m [35mnew[39m [33mDate[39m([32m'2026-02-26T15:30:45Z'[39m)
    [90m 43| [39m    [34mexpect[39m([34mformatTime[39m(date[33m,[39m [32m'YYYY-MM-DD'[39m))[33m.[39m[34mtoBe[39m([32m'2026-02-26'[39m)
    [90m 44| [39m    [34mexpect[39m([34mformatTime[39m(date[33m,[39m [32m'HH:mm:ss'[39m))[33m.[39m[34mtoBe[39m([32m'15:30:45'[39m)
    [90m   | [39m                                         [31m^[39m
    [90m 45| [39m  })
    [90m 46| [39m

[31m[2m⎯⎯⎯⎯⎯⎯⎯⎯⎯⎯⎯⎯⎯⎯⎯⎯⎯⎯⎯⎯⎯⎯⎯⎯[3/5]⎯[22m[39m

[41m[1m FAIL [22m[49m src/utils/format.test.ts[2m > [22mformatTime[2m > [22m应该处理闰年和不同月份
[31m[1mAssertionError[22m: expected '2026-01-01 08:00' to be '2026-01-01 00:00' // Object.is equality[39m

Expected: [32m"2026-01-01 0[7m0[27m:00"[39m
Received: [31m"2026-01-01 0[7m8[27m:00"[39m

[36m [2m❯[22m src/utils/format.test.ts:[2m53:48[22m[39m
    [90m 51| [39m
    [90m 52| [39m  [34mit[39m([32m'应该处理闰年和不同月份'[39m[33m,[39m () [33m=>[39m {
    [90m 53| [39m    [34mexpect[39m([34mformatTime[39m([32m'2026-01-01T00:00:00Z'[39m))[33m.[39m[34mtoBe[39m([32m'2026-01-01 00:00'[39m)
    [90m   | [39m                                               [31m^[39m
    [90m 54| [39m    [34mexpect[39m([34mformatTime[39m([32m'2026-12-31T23:59:59Z'[39m))[33m.[39m[34mtoBe[39m([32m'2026-12-31 23:59'[39m)
    [90m 55| [39m  })

[31m[2m⎯⎯⎯⎯⎯⎯⎯⎯⎯⎯⎯⎯⎯⎯⎯⎯⎯⎯⎯⎯⎯⎯⎯⎯[4/5]⎯[22m[39m

[41m[1m FAIL [22m[49m src/utils/format.test.ts[2m > [22mformatFileSize[2m > [22m应该格式化字节
[31m[1mAssertionError[22m: expected '512.00 B' to be '512 B' // Object.is equality[39m

Expected: [32m"512 B"[39m
Received: [31m"512[7m.00[27m B"[39m

[36m [2m❯[22m src/utils/format.test.ts:[2m140:33[22m[39m
    [90m138| [39m  [34mit[39m([32m'应该格式化字节'[39m[33m,[39m () [33m=>[39m {
    [90m139| [39m    [34mexpect[39m([34mformatFileSize[39m([34m0[39m))[33m.[39m[34mtoBe[39m([32m'0 B'[39m)
    [90m140| [39m    [34mexpect[39m([34mformatFileSize[39m([34m512[39m))[33m.[39m[34mtoBe[39m([32m'512 B'[39m)
    [90m   | [39m                                [31m^[39m
    [90m141| [39m    [34mexpect[39m([34mformatFileSize[39m([34m1023[39m))[33m.[39m[34mtoBe[39m([32m'1023 B'[39m)
    [90m142| [39m  })

[31m[2m⎯⎯⎯⎯⎯⎯⎯⎯⎯⎯⎯⎯⎯⎯⎯⎯⎯⎯⎯⎯⎯⎯⎯⎯[5/5]⎯[22m[39m


[2m Test Files [22m [1m[31m1 failed[39m[22m[2m | [22m[1m[32m3 passed[39m[22m[90m (4)[39m
[2m      Tests [22m [1m[31m5 failed[39m[22m[2m | [22m[1m[32m92 passed[39m[22m[90m (97)[39m
[2m   Start at [22m 12:48:46
[2m   Duration [22m 718ms[2m (transform 328ms, setup 0ms, import 581ms, tests 66ms, environment 1ms)[22m

